A51 MACRO ASSEMBLER  ACT1                                                                 02/13/2013 08:45:06 PAGE     1


MACRO ASSEMBLER A51 V8.02b
OBJECT MODULE PLACED IN Act1.OBJ
ASSEMBLER INVOKED BY: C:\Program_Files\Keil\C51\BIN\A51.EXE Act1.asm SET(SMALL) DEBUG EP

LOC  OBJ            LINE     SOURCE

0000                   1     org 0h
0000 7455              2     mov a, #55h
0002                   3     loop:
0002 F580              4     mov p0, a
0004 F590              5     mov p1, a
0006 F5A0              6     mov p2, a
0008 F4                7     cpl a
0009 110D              8     acall delay
000B 80F5              9     sjmp loop
000D                  10     delay:
000D 75F0FF           11     mov b, #0FFh
0010                  12     dloop:
0010 D5F0FD           13     djnz b, dloop
0013 22               14     ret
                      15     end
A51 MACRO ASSEMBLER  ACT1                                                                 02/13/2013 08:45:06 PAGE     2

SYMBOL TABLE LISTING
------ ----- -------


N A M E             T Y P E  V A L U E   ATTRIBUTES

B. . . . . . . . .  D ADDR   00F0H   A   
DELAY. . . . . . .  C ADDR   000DH   A   
DLOOP. . . . . . .  C ADDR   0010H   A   
LOOP . . . . . . .  C ADDR   0002H   A   
P0 . . . . . . . .  D ADDR   0080H   A   
P1 . . . . . . . .  D ADDR   0090H   A   
P2 . . . . . . . .  D ADDR   00A0H   A   


REGISTER BANK(S) USED: 0 


ASSEMBLY COMPLETE.  0 WARNING(S), 0 ERROR(S)
