A51 MACRO ASSEMBLER  ACT2                                                                 02/13/2013 09:26:46 PAGE     1


MACRO ASSEMBLER A51 V8.02b
OBJECT MODULE PLACED IN Act2.OBJ
ASSEMBLER INVOKED BY: C:\Program_Files\Keil\C51\BIN\A51.EXE Act2.asm SET(SMALL) DEBUG EP

LOC  OBJ            LINE     SOURCE

0000                   1     org 0h
0000 900150            2     mov dptr, #150h
0003 7850              3     mov r0, #50h
0005 7900              4     mov r1, #0
0007 7A04              5     mov r2, #4
0009                   6     loop:
0009 E9                7     mov a, r1
000A 93                8     movc a, @a+dptr
000B 75F064            9     mov b, #100
000E 84               10     div ab
000F 2430             11     add a, #30h
0011 F6               12     mov @r0, a
0012 08               13     inc r0
0013 E5F0             14     mov a, b
0015 75F00A           15     mov b, #10
0018 84               16     div ab
0019 2430             17     add a, #30h
001B F6               18     mov @r0, a
001C 08               19     inc r0
001D E5F0             20     mov a, b
001F 2430             21     add a, #30h
0021 F6               22     mov @r0, a
0022 08               23     inc r0
0023 09               24     inc r1
0024 DAE3             25     djnz r2, loop
0150                  26     org 150h
0150 102040FF         27     db      10h, 20h, 40h, 0FFh
                      28     end
A51 MACRO ASSEMBLER  ACT2                                                                 02/13/2013 09:26:46 PAGE     2

SYMBOL TABLE LISTING
------ ----- -------


N A M E             T Y P E  V A L U E   ATTRIBUTES

B. . . . . . . . .  D ADDR   00F0H   A   
LOOP . . . . . . .  C ADDR   0009H   A   


REGISTER BANK(S) USED: 0 


ASSEMBLY COMPLETE.  0 WARNING(S), 0 ERROR(S)
