A51 MACRO ASSEMBLER  ACT4                                                                 02/13/2013 09:58:23 PAGE     1


MACRO ASSEMBLER A51 V8.02b
OBJECT MODULE PLACED IN Act4.OBJ
ASSEMBLER INVOKED BY: C:\Program_Files\Keil\C51\BIN\A51.EXE Act4.asm SET(SMALL) DEBUG EP

LOC  OBJ            LINE     SOURCE

0000                   1     org 0h
0000 900150            2     mov dptr, #150h
0003 7840              3     mov r0, #40h
0005 7958              4     mov r1, #58h
0007 7A00              5     mov r2, #0
0009 7B07              6     mov r3, #7
000B                   7     copy_loop:
000B EA                8     mov a, r2
000C 93                9     movc a, @a+dptr
000D 9430             10     subb a, #30h
000F F6               11     mov @r0, a
0010 08               12     inc r0
0011 0A               13     inc r2
0012 DBF7             14     djnz r3, copy_loop
0014 7840             15     mov r0, #40h
0016 7B07             16     mov r3, #7
0018 7400             17     mov a, #0
001A                  18     add_loop:
001A 26               19     add a, @r0
001B 08               20     inc r0
001C DBFC             21     djnz r3, add_loop
001E 75F007           22     mov b, #7
0021 84               23     div ab
0022 2430             24     add a, #30h
0024 F7               25     mov @r1, a
0150                  26     org 150h
0150 31323334         27     db '1','2','3','4','5','6','7'
0154 353637                  
                      28     end
A51 MACRO ASSEMBLER  ACT4                                                                 02/13/2013 09:58:23 PAGE     2

SYMBOL TABLE LISTING
------ ----- -------


N A M E             T Y P E  V A L U E   ATTRIBUTES

ADD_LOOP . . . . .  C ADDR   001AH   A   
B. . . . . . . . .  D ADDR   00F0H   A   
COPY_LOOP. . . . .  C ADDR   000BH   A   


REGISTER BANK(S) USED: 0 


ASSEMBLY COMPLETE.  0 WARNING(S), 0 ERROR(S)
