A51 MACRO ASSEMBLER  ACT5                                                                 03/20/2013 10:00:11 PAGE     1


MACRO ASSEMBLER A51 V8.02b
OBJECT MODULE PLACED IN Act5.OBJ
ASSEMBLER INVOKED BY: C:\Program_Files\Keil\C51\BIN\A51.EXE Act5.asm SET(SMALL) DEBUG EP

LOC  OBJ            LINE     SOURCE

                       1     ; Fout = 60Hz
                       2     ; Tclk = 11.0592 / 12 = 921.6kHz
                       3     ; Delay = 921.6/0.12 = 7680
                       4     ; Load val = -7680 = E200h
0000                   5     org 0h
0000                   6     restart:
0000 758A00            7     mov TL0, #00h
0003 758CE2            8     mov TH0, #0E2h
0006 758B3C            9     mov TL1, #60
0009 758D3C           10     mov TH1, #60
000C 758961           11     mov TMOD, #61h
000F C28D             12     clr TF0
0011 C28F             13     clr TF1
0013 D28C             14     setb TR0
0015 D28E             15     setb TR1
0017                  16     wait:
0017 308DFD           17     jnb TF0, wait
001A C28C             18     clr TR0
001C 80E2             19     sjmp restart
001E                  20     display:
001E 75F064           21     mov b, #100
0021 84               22     div ab
0022 F8               23     mov r0, a
0023 E5F0             24     mov a, b
0025 75F00A           25     mov b, #10
0028 84               26     div ab
0029 F9               27     mov r1, a
002A AAF0             28     mov r2, b
002C 22               29     ret
                      30     end
A51 MACRO ASSEMBLER  ACT5                                                                 03/20/2013 10:00:11 PAGE     2

SYMBOL TABLE LISTING
------ ----- -------


N A M E             T Y P E  V A L U E   ATTRIBUTES

B. . . . . . . . .  D ADDR   00F0H   A   
DISPLAY. . . . . .  C ADDR   001EH   A   
RESTART. . . . . .  C ADDR   0000H   A   
TF0. . . . . . . .  B ADDR   0088H.5 A   
TF1. . . . . . . .  B ADDR   0088H.7 A   
TH0. . . . . . . .  D ADDR   008CH   A   
TH1. . . . . . . .  D ADDR   008DH   A   
TL0. . . . . . . .  D ADDR   008AH   A   
TL1. . . . . . . .  D ADDR   008BH   A   
TMOD . . . . . . .  D ADDR   0089H   A   
TR0. . . . . . . .  B ADDR   0088H.4 A   
TR1. . . . . . . .  B ADDR   0088H.6 A   
WAIT . . . . . . .  C ADDR   0017H   A   


REGISTER BANK(S) USED: 0 


ASSEMBLY COMPLETE.  0 WARNING(S), 0 ERROR(S)
