A51 MACRO ASSEMBLER  ACT4                                                                 03/13/2013 11:10:45 PAGE     1


MACRO ASSEMBLER A51 V8.02b
OBJECT MODULE PLACED IN Act4.OBJ
ASSEMBLER INVOKED BY: C:\Program_Files\Keil\C51\BIN\A51.EXE Act4.asm SET(SMALL) DEBUG EP

LOC  OBJ            LINE     SOURCE

0000                   1     org 0h
0000 02002A            2     ljmp main
0023                   3     org 23h
0023 C299              4     clr TI
0025 E590              5     mov a, P1
0027 F599              6     mov SBUF, a
0029 32                7     reti
002A                   8     main:
002A 758920            9     mov TMOD, #20h
002D 758DFA           10     mov TH1, #0FAh
0030 758BFA           11     mov TL1, #0FAh
0033 759840           12     mov SCON, #40h
0036 D28E             13     setb TR1
0038 75A890           14     mov IE, #90h
003B E590             15     mov a, P1
003D F599             16     mov SBUF, a
003F                  17     wait:
003F 8590F0           18     mov b, P1
0042 85F0A0           19     mov P2, b
0045 80F8             20     sjmp wait
                      21     end
A51 MACRO ASSEMBLER  ACT4                                                                 03/13/2013 11:10:45 PAGE     2

SYMBOL TABLE LISTING
------ ----- -------


N A M E             T Y P E  V A L U E   ATTRIBUTES

B. . . . . . . . .  D ADDR   00F0H   A   
IE . . . . . . . .  D ADDR   00A8H   A   
MAIN . . . . . . .  C ADDR   002AH   A   
P1 . . . . . . . .  D ADDR   0090H   A   
P2 . . . . . . . .  D ADDR   00A0H   A   
SBUF . . . . . . .  D ADDR   0099H   A   
SCON . . . . . . .  D ADDR   0098H   A   
TH1. . . . . . . .  D ADDR   008DH   A   
TI . . . . . . . .  B ADDR   0098H.1 A   
TL1. . . . . . . .  D ADDR   008BH   A   
TMOD . . . . . . .  D ADDR   0089H   A   
TR1. . . . . . . .  B ADDR   0088H.6 A   
WAIT . . . . . . .  C ADDR   003FH   A   


REGISTER BANK(S) USED: 0 


ASSEMBLY COMPLETE.  0 WARNING(S), 0 ERROR(S)
