A51 MACRO ASSEMBLER  ACT2                                                                 02/06/2013 08:59:44 PAGE     1


MACRO ASSEMBLER A51 V8.02b
OBJECT MODULE PLACED IN Act2.OBJ
ASSEMBLER INVOKED BY: C:\Program_Files\Keil\C51\BIN\A51.EXE Act2.asm SET(SMALL) DEBUG EP

LOC  OBJ            LINE     SOURCE

0000                   1     org 0h
0000 74FF              2     mov a, #0FFh
0002 F590              3     mov p1, a
0004                   4     loop:
0004 E590              5     mov a, p1
0006 F580              6     mov p0, a
0008 F5A0              7     mov p2, a
000A F8                8     mov r0, a
000B F9                9     mov r1, a
000C FA               10     mov r2, a
000D 80F5             11     sjmp loop
                      12     end
A51 MACRO ASSEMBLER  ACT2                                                                 02/06/2013 08:59:44 PAGE     2

SYMBOL TABLE LISTING
------ ----- -------


N A M E             T Y P E  V A L U E   ATTRIBUTES

LOOP . . . . . . .  C ADDR   0004H   A   
P0 . . . . . . . .  D ADDR   0080H   A   
P1 . . . . . . . .  D ADDR   0090H   A   
P2 . . . . . . . .  D ADDR   00A0H   A   


REGISTER BANK(S) USED: 0 


ASSEMBLY COMPLETE.  0 WARNING(S), 0 ERROR(S)
