A51 MACRO ASSEMBLER  ACT4                                                                 02/06/2013 10:02:34 PAGE     1


MACRO ASSEMBLER A51 V8.02b
OBJECT MODULE PLACED IN Act4.OBJ
ASSEMBLER INVOKED BY: C:\Program_Files\Keil\C51\BIN\A51.EXE Act4.asm SET(SMALL) DEBUG EP

LOC  OBJ            LINE     SOURCE

0000                   1     org 0h
0000 7800              2     mov r0, #0
0002 7901              3     mov r1, #1
0004 7A02              4     mov r2, #2
0006 7B03              5     mov r3, #3
0008 7C04              6     mov r4, #4
000A C000              7     push 00h
000C C001              8     push 01h
000E C002              9     push 02h
0010 C003             10     push 03h
0012 C004             11     push 04h
                      12     end
A51 MACRO ASSEMBLER  ACT4                                                                 02/06/2013 10:02:34 PAGE     2

SYMBOL TABLE LISTING
------ ----- -------


N A M E             T Y P E  V A L U E   ATTRIBUTES



REGISTER BANK(S) USED: 0 


ASSEMBLY COMPLETE.  0 WARNING(S), 0 ERROR(S)
