A51 MACRO ASSEMBLER  ACT2                                                                 03/13/2013 09:07:36 PAGE     1


MACRO ASSEMBLER A51 V8.02b
OBJECT MODULE PLACED IN Act2.OBJ
ASSEMBLER INVOKED BY: C:\Program_Files\Keil\C51\BIN\A51.EXE Act2.asm SET(SMALL) DEBUG EP

LOC  OBJ            LINE     SOURCE

                       1     ; Fout = 4800bps
                       2     ; Tclk = 11.0592 / 12 = 921.6kHz
                       3     ; Tser = 921.6 / 32 = 28800Hz
                       4     ; Delay = 28800 / 4800 = 6
                       5     ; Load val = -6 = FAh
0000                   6     org 0h
0000 900200            7     mov dptr, #200h
0003 7800              8     mov r0, #0
0005 E587              9     mov a, PCON
0007 D2E7             10     setb ACC.7
0009 F587             11     mov PCON, a
000B 758920           12     mov TMOD, #20h
000E 758DFF           13     mov TH1, #0FFh
0011 758BFF           14     mov TL1, #0FFh
0014 759840           15     mov SCON, #40h
0017 D28E             16     setb TR1
0019                  17     resend:
0019 E8               18     mov a, r0
001A 93               19     movc a, @a+dptr
001B 7004             20     jnz disp
001D 7800             21     mov r0, #0
001F 80F8             22     sjmp resend
0021                  23     disp:
0021 F599             24     mov SBUF, a
0023 08               25     inc r0
0024                  26     wait:
0024 3099FD           27     jnb TI, wait
0027 C299             28     clr TI
0029 80EE             29     sjmp resend
0200                  30     org 200h
0200 48617265         31     db      "Hare Krishna Hare Krishna, Krishna Krishna Hare Hare. Hare Rama Hare Rama, Rama Ra
                             ma Hare Hare.", 0Dh, 0Ah, 0
0204 204B7269                
0208 73686E61                
020C 20486172                
0210 65204B72                
0214 6973686E                
0218 612C204B                
021C 72697368                
0220 6E61204B                
0224 72697368                
0228 6E612048                
022C 61726520                
0230 48617265                
0234 2E204861                
0238 72652052                
023C 616D6120                
0240 48617265                
0244 2052616D                
0248 612C2052                
024C 616D6120                
0250 52616D61                
0254 20486172                
0258 65204861                
025C 72652E0D                
0260 0A00                    
                      32     end
A51 MACRO ASSEMBLER  ACT2                                                                 03/13/2013 09:07:36 PAGE     2

SYMBOL TABLE LISTING
------ ----- -------


N A M E             T Y P E  V A L U E   ATTRIBUTES

ACC. . . . . . . .  D ADDR   00E0H   A   
DISP . . . . . . .  C ADDR   0021H   A   
PCON . . . . . . .  D ADDR   0087H   A   
RESEND . . . . . .  C ADDR   0019H   A   
SBUF . . . . . . .  D ADDR   0099H   A   
SCON . . . . . . .  D ADDR   0098H   A   
TH1. . . . . . . .  D ADDR   008DH   A   
TI . . . . . . . .  B ADDR   0098H.1 A   
TL1. . . . . . . .  D ADDR   008BH   A   
TMOD . . . . . . .  D ADDR   0089H   A   
TR1. . . . . . . .  B ADDR   0088H.6 A   
WAIT . . . . . . .  C ADDR   0024H   A   


REGISTER BANK(S) USED: 0 


ASSEMBLY COMPLETE.  0 WARNING(S), 0 ERROR(S)
