A51 MACRO ASSEMBLER  ACT3                                                                 03/13/2013 10:52:28 PAGE     1


MACRO ASSEMBLER A51 V8.02b
OBJECT MODULE PLACED IN Act3.OBJ
ASSEMBLER INVOKED BY: C:\Program_Files\Keil\C51\BIN\A51.EXE Act3.asm SET(SMALL) DEBUG EP

LOC  OBJ            LINE     SOURCE

                       1     ; Fout = 10kHz
                       2     ; Tclk = 22MHz
                       3     ; Ttmr = 22 / 12 = 1833.33kHz
                       4     ; Delay = 1833.33 / 60  = 30555
                       5     ; Load val = -30555 = 88A5h
0000                   6     org 0h
0000                   7     restart:
0000 783C              8     mov r0, #60
0002                   9     retime:
0002 758901           10     mov TMOD, #01h
0005 758C88           11     mov TH0, #088h
0008 758AA5           12     mov TL0, #0A5h
000B C28D             13     clr TF0
000D D28C             14     setb TR0
000F                  15     wait:
000F 308DFD           16     jnb TF0, wait
0012 D8EE             17     djnz r0, retime
0014 B292             18     cpl P1.2
0016 80E8             19     sjmp restart
                      20     end
A51 MACRO ASSEMBLER  ACT3                                                                 03/13/2013 10:52:28 PAGE     2

SYMBOL TABLE LISTING
------ ----- -------


N A M E             T Y P E  V A L U E   ATTRIBUTES

P1 . . . . . . . .  D ADDR   0090H   A   
RESTART. . . . . .  C ADDR   0000H   A   
RETIME . . . . . .  C ADDR   0002H   A   
TF0. . . . . . . .  B ADDR   0088H.5 A   
TH0. . . . . . . .  D ADDR   008CH   A   
TL0. . . . . . . .  D ADDR   008AH   A   
TMOD . . . . . . .  D ADDR   0089H   A   
TR0. . . . . . . .  B ADDR   0088H.4 A   
WAIT . . . . . . .  C ADDR   000FH   A   


REGISTER BANK(S) USED: 0 


ASSEMBLY COMPLETE.  0 WARNING(S), 0 ERROR(S)
