A51 MACRO ASSEMBLER  ACT2                                                                 01/30/2013 09:42:29 PAGE     1


MACRO ASSEMBLER A51 V8.02b
OBJECT MODULE PLACED IN Act2.OBJ
ASSEMBLER INVOKED BY: C:\Program_Files\Keil\C51\BIN\A51.EXE Act2.asm SET(SMALL) DEBUG EP

LOC  OBJ            LINE     SOURCE

0000                   1     org 0h
0000 7860              2     mov r0, #60h
0002 790A              3     mov r1, #10
0004 7A00              4     mov r2, #0
0006 7B00              5     mov r3, #0
0008                   6     loop:
0008 EA                7     mov a, r2
0009 26                8     add a, @r0
000A D4                9     da a
000B FA               10     mov r2, a
000C EB               11     mov a, r3
000D 3400             12     addc a, #0
000F FB               13     mov r3, a
0010 08               14     inc r0
0011 D9F5             15     djnz r1, loop
                      16     end
A51 MACRO ASSEMBLER  ACT2                                                                 01/30/2013 09:42:29 PAGE     2

SYMBOL TABLE LISTING
------ ----- -------


N A M E             T Y P E  V A L U E   ATTRIBUTES

LOOP . . . . . . .  C ADDR   0008H   A   


REGISTER BANK(S) USED: 0 


ASSEMBLY COMPLETE.  0 WARNING(S), 0 ERROR(S)
