A51 MACRO ASSEMBLER  ACT3                                                                 01/30/2013 10:04:17 PAGE     1


MACRO ASSEMBLER A51 V8.02b
OBJECT MODULE PLACED IN Act3.OBJ
ASSEMBLER INVOKED BY: C:\Program_Files\Keil\C51\BIN\A51.EXE Act3.asm SET(SMALL) DEBUG EP

LOC  OBJ            LINE     SOURCE

0000                   1     org 0h
0000 7A40              2     mov r2, #40h
0002 7858              3     mov r0, #58h
0004 7970              4     mov r1, #70h
0006 7B05              5     mov r3, #5
0008 75F000            6     mov b, #0
000B                   7     loop:
000B E6                8     mov a, @r0
000C 25F0              9     add a, b
000E 27               10     add a, @r1
000F D4               11     da a
0010 FC               12     mov r4, a
0011 7400             13     mov a, #0
0013 3400             14     addc a, #0
0015 F5F0             15     mov b, a
0017 E8               16     mov a, r0
0018 FD               17     mov r5, a
0019 EA               18     mov a, r2
001A F8               19     mov r0, a
001B EC               20     mov a, r4
001C F6               21     mov @r0, a
001D ED               22     mov a, r5
001E F8               23     mov r0, a
001F 08               24     inc r0
0020 09               25     inc r1
0021 0A               26     inc r2
0022 DBE7             27     djnz r3, loop
                      28     end
A51 MACRO ASSEMBLER  ACT3                                                                 01/30/2013 10:04:17 PAGE     2

SYMBOL TABLE LISTING
------ ----- -------


N A M E             T Y P E  V A L U E   ATTRIBUTES

B. . . . . . . . .  D ADDR   00F0H   A   
LOOP . . . . . . .  C ADDR   000BH   A   


REGISTER BANK(S) USED: 0 


ASSEMBLY COMPLETE.  0 WARNING(S), 0 ERROR(S)
