A51 MACRO ASSEMBLER  PROG4                                                                01/18/2013 18:15:05 PAGE     1


MACRO ASSEMBLER A51 V8.02b
OBJECT MODULE PLACED IN Prog4.OBJ
ASSEMBLER INVOKED BY: C:\Program_Files\Keil\C51\BIN\A51.EXE Prog4.asm SET(SMALL) DEBUG EP

LOC  OBJ            LINE     SOURCE

0000                   1     org 0h
0000 900200            2     mov dptr, #200h
0003 7800              3     mov r0, #0
0005 7940              4     mov r1, #40h
0007                   5     loop:
0007 E8                6     mov a, r0
0008 93                7     movc a, @a+dptr
0009 6005              8     jz p_end
000B F7                9     mov @r1, a
000C 08               10     inc r0
000D 09               11     inc r1
000E 80F7             12     sjmp loop
0010                  13     p_end:
0200                  14     org 200h
0200 53756268         15     db "Subhajit Sahu", 0
0204 616A6974                
0208 20536168                
020C 7500                    
                      16     end
A51 MACRO ASSEMBLER  PROG4                                                                01/18/2013 18:15:05 PAGE     2

SYMBOL TABLE LISTING
------ ----- -------


N A M E             T Y P E  V A L U E   ATTRIBUTES

LOOP . . . . . . .  C ADDR   0007H   A   
P_END. . . . . . .  C ADDR   0010H   A   


REGISTER BANK(S) USED: 0 


ASSEMBLY COMPLETE.  0 WARNING(S), 0 ERROR(S)
